[fazeclan.com/index.html]
[backblue.gif]
[fade.gif]
[index.html]
[cdn.shopify.com/s/files/1/0068/5074/0281/files/faze-twitter-logofcad.png]
[fazeclan.com/favicon.ico]
[cdn.cookielaw.org/scripttemplates/otSDKStub.js]
[player.twitch.tv/js/embed/v1.js]
[static.klaviyo.com/onsite/js/klaviyod93f.js]
[fazeclan.com/_nuxt/runtime.4266aae.js]
[fazeclan.com/_nuxt/commons/app.60e7576.js]
[fazeclan.com/_nuxt/vendors_app.08ef423.js]
[fazeclan.com/_nuxt/app.9188862.js]
[fazeclan.com/_nuxt/components.Utils.VideoPlayGlobal.702f245.js]
[fazeclan.com/_nuxt/index.cf7eb09.js]
[fazeclan.com/_nuxt/fonts/SourceSansPro-Regular.e8660d4.woff2]
[fazeclan.com/_nuxt/fonts/SourceSansPro-Regular.2a7b76f.woff]
[fazeclan.com/_nuxt/fonts/SourceSansPro-SemiBold.b986ef1.woff2]
[fazeclan.com/_nuxt/fonts/SourceSansPro-SemiBold.ad3eeb1.woff]
[fazeclan.com/_nuxt/fonts/SourceSansPro-Bold.d433ed6.woff2]
[fazeclan.com/_nuxt/fonts/SourceSansPro-Bold.dc2346d.woff]
[fazeclan.com/_nuxt/fonts/SourceSansPro-Black.78bdda1.woff2]
[fazeclan.com/_nuxt/fonts/SourceSansPro-Black.96299f7.woff]
[fazeclan.com/_nuxt/fonts/Anton-Regular.4a5c230.woff2]
[fazeclan.com/_nuxt/fonts/Anton-Regular.fd72403.woff]
[fazeclan.com/_nuxt/fonts/BatmanForeverAlternate.7a656db.woff2]
[fazeclan.com/_nuxt/fonts/BatmanForeverAlternate.893695a.woff]
[fazeclan.com/_nuxt/fonts/AttilaSansUniformTrial-Semibold.74ed6e1.woff2]
[fazeclan.com/_nuxt/fonts/AttilaSansUniformTrial-Semibold.b33fd81.woff]
[fazeclan.com/_nuxt/fonts/AttilaSansUniformTrial-Bold.8e355a2.woff2]
[fazeclan.com/_nuxt/fonts/AttilaSansUniformTrial-Bold.50ab730.woff]
[fazeclan.com/_nuxt/fonts/VideoJS.46ac662d41d.eot]
[fazeclan.com/_nuxt/static/1670324011/state.js]
[fazeclan.com/_nuxt/static/1670324011/payload.js]
[fazeclan.com/members/index.html]
[fazeclan.com/teams/index.html]
[fazeclan.com/events/index.html]
[fazeclan.com/news/index.html]
[fazeclan.com/about/index.html]
[fazeclan.com/history/index.html]
[fazeclan.com/faze1/index.html]
[fazeclan.com/contact/index.html]
[fazeclan.com/partners/index.html]
[fazeclan.com/faq/index.html]
[fazeclan.com/privacypolicy/index.html]
[fazeclan.com/accessibility/index.html]
[fazeclan.com/terms/index.html]
[fazeclan.com/fanpolicy/index.html]
[fazeclan.com/ugc/index.html]
[fazeclan.com/contestterms/index.html]
[fazeclan.com/index.html]
[player.twitch.tv/js/embed/v1.js]
[fazeclan.com/hyperxtc/index.html]
[fazeclan.com/_nuxt/members.index.27826dd.js]
[fazeclan.com/_nuxt/static/1670324011/members/state.js]
[fazeclan.com/_nuxt/static/1670324011/members/payload.js]
[fazeclan.com/members/index.html]
[fazeclan.com/_nuxt/pages/teams/index.871565c.js]
[fazeclan.com/_nuxt/commons/10770308.f295d8b.js]
[fazeclan.com/_nuxt/commons/events_teams.id_teams.index.b560624.js]
[fazeclan.com/_nuxt/commons/teams.id_teams.index.865786a.js]
[fazeclan.com/_nuxt/static/1670324011/teams/state.js]
[fazeclan.com/_nuxt/static/1670324011/teams/payload.js]
[fazeclan.com/teams/index.html]
[fazeclan.com/_nuxt/events.f8b3e5e.js]
[fazeclan.com/_nuxt/static/1670324011/events/state.js]
[fazeclan.com/_nuxt/static/1670324011/events/payload.js]
[fazeclan.com/events/index.html]
[cdn.shopify.com/s/files/1/0068/5074/0281/files/Image_from_iOSfc4f.jpg]
[fazeclan.com/public/index.html]
[fazeclan.com/_nuxt/news.78bacdc.js]
[fazeclan.com/_nuxt/static/1670324011/news/state.js]
[fazeclan.com/_nuxt/static/1670324011/news/payload.js]
[fazeclan.com/news/index.html]
[fazeclan.com/_nuxt/about.71d4d77.js]
[fazeclan.com/_nuxt/static/1670324011/about/state.js]
[fazeclan.com/_nuxt/static/1670324011/about/payload.js]
[fazeclan.com/about/index.html]
[fazeclan.com/history/fazeclan.com/history]
[fazeclan.com/_nuxt/history.2dc2142.js]
[fazeclan.com/_nuxt/static/1670324011/history/state.js]
[fazeclan.com/_nuxt/static/1670324011/history/payload.js]
[fazeclan.com/history/index.html]
[cdn.shopify.com/s/files/1/0068/5074/0281/files/fazeone-social-min916a.png]
[fazeclan.com/fazeone]
[fazeclan.com/faze1/fazeclan.com/faze1]
[cdnjs.cloudflare.com/ajax/libs/font-awesome/5.15.3/css/all.min.css]
[content.votenow.tv/app/libs/tldr/0.3.0/tldr.min.js]
[fazeclan.com/_nuxt/faze1.index.d54f8ee.js]
[fazeclan.com/_nuxt/static/1670324011/faze1/state.js]
[fazeclan.com/_nuxt/static/1670324011/faze1/payload.js]
[fazeclan.com/faze1/terms]
[fazeclan.com/faze1/index.html]
[fazeclan.com/_nuxt/pages/contact.8e7c6a6.js]
[fazeclan.com/_nuxt/static/1670324011/contact/state.js]
[fazeclan.com/_nuxt/static/1670324011/contact/payload.js]
[fazeclan.com/contact/index.html]
[fazeclan.com/_nuxt/pages/partners/index.537f1a7.js]
[fazeclan.com/_nuxt/static/1670324011/partners/state.js]
[fazeclan.com/_nuxt/static/1670324011/partners/payload.js]
[fazeclan.com/partners/index.html]
[fazeclan.com/_nuxt/pages/faq.cac2fdf.js]
[fazeclan.com/_nuxt/static/1670324011/faq/state.js]
[fazeclan.com/_nuxt/static/1670324011/faq/payload.js]
[fazeclan.com/faq/index.html]
[fazeclan.com/_nuxt/privacypolicy.4d3c067.js]
[fazeclan.com/_nuxt/static/1670324011/privacypolicy/state.js]
[fazeclan.com/_nuxt/static/1670324011/privacypolicy/payload.js]
[fazeclan.com/https_/www.fazeclan.com]
[fazeclan.com/privacypolicy/index.html]
[fazeclan.com/_nuxt/pages/accessibility.f58fd05.js]
[fazeclan.com/_nuxt/static/1670324011/accessibility/state.js]
[fazeclan.com/_nuxt/static/1670324011/accessibility/payload.js]
[fazeclan.com/accessibility/index.html]
[fazeclan.com/_nuxt/terms.65ef46d.js]
[fazeclan.com/_nuxt/static/1670324011/terms/state.js]
[fazeclan.com/_nuxt/static/1670324011/terms/payload.js]
[fazeclan.com/terms/index.html]
[fazeclan.com/_nuxt/pages/fanpolicy.fafdf26.js]
[fazeclan.com/_nuxt/static/1670324011/fanpolicy/state.js]
[fazeclan.com/_nuxt/static/1670324011/fanpolicy/payload.js]
[fazeclan.com/fanpolicy/index.html]
[fazeclan.com/_nuxt/pages/ugc.93c4b36.js]
[fazeclan.com/_nuxt/static/1670324011/ugc/state.js]
[fazeclan.com/_nuxt/static/1670324011/ugc/payload.js]
[fazeclan.com/ugc/index.html]
[fazeclan.com/_nuxt/contestterms.887dce8.js]
[fazeclan.com/_nuxt/static/1670324011/contestterms/state.js]
[fazeclan.com/_nuxt/static/1670324011/contestterms/payload.js]
[fazeclan.com/contestterms/fazeclan.com]
[fazeclan.com/contestterms/index.html]
[fazeclan.com/_nuxt/hyperxtc.d6eb30a.js]
[fazeclan.com/_nuxt/static/1670324011/hyperxtc/state.js]
[fazeclan.com/_nuxt/static/1670324011/hyperxtc/payload.js]
[fazeclan.com/hyperxtc/index.html]
[fazeclan.com/_nuxt/public.839dde5.js]
[fazeclan.com/_nuxt/static/1670324011/public/state.js]
[fazeclan.com/_nuxt/static/1670324011/public/payload.js]
[fazeclan.com/public/index.html]
[fazeclan.com/history/fazeclan.com/history.html]
[fazeclan.com/fazeone.html]
[fazeclan.com/faze1/fazeclan.com/faze1.html]
[cdnjs.cloudflare.com/ajax/libs/font-awesome/5.15.3/css/all.min.css]
[fazeclan.com/faze1/terms.html]
[fazeclan.com/https_/www.fazeclan.html]
[fazeclan.com/contestterms/fazeclan.html]
