[x.synapse.to/index.html]
[backblue.gif]
[fade.gif]
[index.html]
[x.synapse.to/logo.svg]
[x.synapse.to/apple-touch-icon.png]
[x.synapse.to/favicon-32x32.png]
[x.synapse.to/favicon-16x16.png]
[x.synapse.to/site.webmanifest]
[x.synapse.to/_next/static/css/db1363a6ef43df82.css]
[x.synapse.to/_next/static/chunks/polyfills-c67a75d1b6f99dc8.js]
[x.synapse.to/_next/static/chunks/webpack-94547de1949c56d7.js]
[x.synapse.to/_next/static/chunks/framework-3b5a00d5d7e8d93b.js]
[x.synapse.to/_next/static/chunks/main-90a34299418a0f2b.js]
[x.synapse.to/_next/static/chunks/pages/_app-3c2bb6ecab360cad.js]
[x.synapse.to/_next/static/chunks/853-5073f8c0fc0511fb.js]
[x.synapse.to/_next/static/chunks/915-f844eec95b09f694.js]
[x.synapse.to/_next/static/chunks/pages/index-a8a0955774dbe064.js]
[x.synapse.to/_next/static/CYz9pBGgRSoEWjGyJeyG9/_buildManifest.js]
[x.synapse.to/_next/static/CYz9pBGgRSoEWjGyJeyG9/_ssgManifest.js]
[x.synapse.to/_next/static/media/logo.c98810b8.svg]
[x.synapse.to/faq.html]
[x.synapse.to/Contract.pdf]
[x.synapse.to/_next/nightcfd1.webp]
[x.synapse.to/cdn-cgi/l/email-protection.html]
[x.synapse.to/cdn-cgi/scripts/5c5dd728/cloudflare-static/email-decode.min.js]
[x.synapse.to/cdn-cgi/scripts/7d0fa10a/cloudflare-static/rocket-loader.min.js]
[x.synapse.to/index.html]
[x.synapse.to/logo.svg]
[x.synapse.to/_next/static/css/db1363a6ef43df82.css]
[x.synapse.to/_next/static/media/logo.c98810b8.svg]
[x.synapse.to/cdn-cgi/challenge-platform/h/g/scripts/alpha/invisible5615.js]
[x.synapse.to/faq.html]
[x.synapse.to/_data_image/jpeg;base64,/9j/2wBDAAoHBwgHBgoICAgLCgoLDhgQDg0NDh0VFhEYIx8lJCI/2wBDAQoLCw4NDhwQEBw7KCIoOzs7Ozs7Ozs7Ozs7Ozs7Ozs/wAARCAADAAgDASIAAhEBAxEB/8QAFQABAQAAAAAAAAAAAAAAAAAAAAf/xAAbE/2Q==_.14.delaye]
[x.synapse.to/cdn-cgi/l/email-protection.html]
[x.synapse.to/_next/static/chunks/pages/faq-6faf8027d15bdbb6.js]
[x.synapse.to/_data_image/jpeg;base64,/9j/2wBDAAoHBwgHBgoICAgLCgoLDhgQDg0NDh0VFhEYIx8lJCI/2wBDAQoLCw4NDhwQEBw7KCIoOzs7Ozs7Ozs7Ozs7Ozs7Ozs/wAARCAADAAgDASIAAhEBAxEB/8QAFQABAQAAAAAAAAAAAAAAAAAAAAf/xAAbE/2Q==_.1a.delaye]
[x.synapse.to/_data_image/jpeg;base64,/9j/2wBDAAoHBwgHBgoICAgLCgoLDhgQDg0NDh0VFhEYIx8lJCI/2wBDAQoLCw4NDhwQEBw7KCIoOzs7Ozs7Ozs7Ozs7Ozs7Ozs/wAARCAADAAgDASIAAhEBAxEB/8QAFQABAQAAAAAAAAAAAAAAAAAAAAf/xAAbE/2Q==_.1a.delaye]
